// Jest Snapshot v1, https://goo.gl/fbAQLP

exports[`<Intro /> should match snapshot 1`] = `
Object {
  "asFragment": [Function],
  "baseElement": <body>
    <div>
      <section
        class="relative flex justify-center items-center min-h-lg h-full w-full"
      >
        <div
          class="bg-neutral-900 fixed top-0 left-0 h-full w-full z-100 pointer-events-none select-none"
        >
          <div
            class="text-primary fixed inset-1/2 h-16 w-16 -mt-8 -ml-8"
          >
            <div
              class="animate-spin rounded-full border-8 border-gray-700 border-l-primary h-16 w-16"
            />
          </div>
        </div>
        <div
          class="absolute left-0 top-0 h-full w-full bg-neutral-900 opacity-80"
        />
        <div
          class="text-center z-10"
        >
          <div
            class="mx-auto max-w-6xl"
          >
            <div
              class="text-white px-4"
            >
              <h5
                class="min-h-0vw text-2xl-fluid font-poppins font-bold uppercase font-bold text-primary uppercase"
              >
                Hello, World.
              </h5>
              <h1
                class="min-h-0vw text-6xl-fluid font-poppins font-bold normal-case text-9xl-fluid font-semibold max-w-5xl mb-2 mx-auto"
              >
                I'm Alexander Trishin.
              </h1>
              <p
                class="min-h-0vw position uppercase mb-8"
              >
                Full-Stack Developer
              </p>
              <button
                class="inline-block transition-all duration-300 text-center disabled:cursor-not-allowed disabled:opacity-40 font-poppins font-bold text-button uppercase text-current border-solid border-2 border-current focus:border-primary hover:border-primary px-8 py-4"
                variant="outlined"
              >
                More about me
                <svg
                  aria-hidden="true"
                  class="svg-inline--fa fa-chevron-down fa-w-14 fa-sm ml-2"
                  data-icon="chevron-down"
                  data-prefix="fas"
                  focusable="false"
                  role="img"
                  viewBox="0 0 448 512"
                  xmlns="http://www.w3.org/2000/svg"
                >
                  <path
                    d="M207.029 381.476L12.686 187.132c-9.373-9.373-9.373-24.569 0-33.941l22.667-22.667c9.357-9.357 24.522-9.375 33.901-.04L224 284.505l154.745-154.021c9.379-9.335 24.544-9.317 33.901.04l22.667 22.667c9.373 9.373 9.373 24.569 0 33.941L240.971 381.476c-9.373 9.372-24.569 9.372-33.942 0z"
                    fill="currentColor"
                  />
                </svg>
              </button>
            </div>
          </div>
        </div>
        <div
          data-testid="social"
        />
      </section>
    </div>
  </body>,
  "container": <div>
    <section
      class="relative flex justify-center items-center min-h-lg h-full w-full"
    >
      <div
        class="bg-neutral-900 fixed top-0 left-0 h-full w-full z-100 pointer-events-none select-none"
      >
        <div
          class="text-primary fixed inset-1/2 h-16 w-16 -mt-8 -ml-8"
        >
          <div
            class="animate-spin rounded-full border-8 border-gray-700 border-l-primary h-16 w-16"
          />
        </div>
      </div>
      <div
        class="absolute left-0 top-0 h-full w-full bg-neutral-900 opacity-80"
      />
      <div
        class="text-center z-10"
      >
        <div
          class="mx-auto max-w-6xl"
        >
          <div
            class="text-white px-4"
          >
            <h5
              class="min-h-0vw text-2xl-fluid font-poppins font-bold uppercase font-bold text-primary uppercase"
            >
              Hello, World.
            </h5>
            <h1
              class="min-h-0vw text-6xl-fluid font-poppins font-bold normal-case text-9xl-fluid font-semibold max-w-5xl mb-2 mx-auto"
            >
              I'm Alexander Trishin.
            </h1>
            <p
              class="min-h-0vw position uppercase mb-8"
            >
              Full-Stack Developer
            </p>
            <button
              class="inline-block transition-all duration-300 text-center disabled:cursor-not-allowed disabled:opacity-40 font-poppins font-bold text-button uppercase text-current border-solid border-2 border-current focus:border-primary hover:border-primary px-8 py-4"
              variant="outlined"
            >
              More about me
              <svg
                aria-hidden="true"
                class="svg-inline--fa fa-chevron-down fa-w-14 fa-sm ml-2"
                data-icon="chevron-down"
                data-prefix="fas"
                focusable="false"
                role="img"
                viewBox="0 0 448 512"
                xmlns="http://www.w3.org/2000/svg"
              >
                <path
                  d="M207.029 381.476L12.686 187.132c-9.373-9.373-9.373-24.569 0-33.941l22.667-22.667c9.357-9.357 24.522-9.375 33.901-.04L224 284.505l154.745-154.021c9.379-9.335 24.544-9.317 33.901.04l22.667 22.667c9.373 9.373 9.373 24.569 0 33.941L240.971 381.476c-9.373 9.372-24.569 9.372-33.942 0z"
                  fill="currentColor"
                />
              </svg>
            </button>
          </div>
        </div>
      </div>
      <div
        data-testid="social"
      />
    </section>
  </div>,
  "debug": [Function],
  "findAllByAltText": [Function],
  "findAllByDisplayValue": [Function],
  "findAllByLabelText": [Function],
  "findAllByPlaceholderText": [Function],
  "findAllByRole": [Function],
  "findAllByTestId": [Function],
  "findAllByText": [Function],
  "findAllByTitle": [Function],
  "findByAltText": [Function],
  "findByDisplayValue": [Function],
  "findByLabelText": [Function],
  "findByPlaceholderText": [Function],
  "findByRole": [Function],
  "findByTestId": [Function],
  "findByText": [Function],
  "findByTitle": [Function],
  "getAllByAltText": [Function],
  "getAllByDisplayValue": [Function],
  "getAllByLabelText": [Function],
  "getAllByPlaceholderText": [Function],
  "getAllByRole": [Function],
  "getAllByTestId": [Function],
  "getAllByText": [Function],
  "getAllByTitle": [Function],
  "getByAltText": [Function],
  "getByDisplayValue": [Function],
  "getByLabelText": [Function],
  "getByPlaceholderText": [Function],
  "getByRole": [Function],
  "getByTestId": [Function],
  "getByText": [Function],
  "getByTitle": [Function],
  "queryAllByAltText": [Function],
  "queryAllByDisplayValue": [Function],
  "queryAllByLabelText": [Function],
  "queryAllByPlaceholderText": [Function],
  "queryAllByRole": [Function],
  "queryAllByTestId": [Function],
  "queryAllByText": [Function],
  "queryAllByTitle": [Function],
  "queryByAltText": [Function],
  "queryByDisplayValue": [Function],
  "queryByLabelText": [Function],
  "queryByPlaceholderText": [Function],
  "queryByRole": [Function],
  "queryByTestId": [Function],
  "queryByText": [Function],
  "queryByTitle": [Function],
  "rerender": [Function],
  "unmount": [Function],
}
`;
